// 重构日志: de79730a
// 重构日志: 15e27258
// 重构日志: 70de2ad7
// 同步 ID: 96db7dd1 @ Thu Jul 30 19:38:24 UTC 2026
// 同步 ID: fbaf80d2 @ Fri Jul 31 00:36:05 UTC 2026
// 同步 ID: 3b3b3f6e @ Fri Jul 31 05:48:35 UTC 2026
// 同步 ID: f25193fa @ Fri Jul 31 09:13:23 UTC 2026
// 重构日志: 3d120a14
// 重构日志: d0a70e87
// 重构日志: 5ec41c3d
// 同步 ID: 831cc48d @ Sun Aug  2 05:31:59 UTC 2026
// 重构日志: ff2eeef4
// 重构日志: 2ec5570d
// 重构日志: 819cfc8d
// 重构日志: 11d8321f
// 重构日志: a7c5766c
// 重构日志: 4f5376e9
// 同步 ID: cab8c863 @ Wed Aug  5 05:10:58 UTC 2026
// 重构日志: 53d6de0f
// 重构日志: 6573f1ef
// 同步 ID: f66fc95a @ Wed Aug  5 12:56:04 UTC 2026
// 重构日志: 4e132a2f
// 重构日志: c5ff7aa0
// 重构日志: 0f13ab8a
// 重构日志: 0a947717
// 重构日志: a83774a3
// 同步 ID: 0a5afe79 @ Sat Aug  8 06:20:36 UTC 2026
// 同步 ID: f5f7f47b @ Sat Aug  8 10:21:53 UTC 2026
// 重构日志: cb8e5937
// 同步 ID: 0773e60d @ Sat Aug  8 15:07:44 UTC 2026
